[Quantified] Quantified API starting
[Quantified] Quantified Core Starting
[Quantified] Quantified Async Pool Start
[Quantified] Quantified GPU Acceleration Starting
[Quantified] [OpenCL] Background probe scheduled
[Quantified] OpenCL probe deferred (background)
[Quantified] Vulkan not available: LWJGL Vulkan classes missing
[Quantified] Quantified API WebPanel starting
[Quantified] Forcing API class initialization
[Quantified] OpenCL core classes loaded
[Quantified] Vulkan core classes missing - Vulkan backend unavailable
[Quantified] API classes initialized successfully
[Quantified] Quantified API starting
[Quantified] Quantified Core Starting
[Quantified] Quantified Async Pool Start
[Quantified] Quantified GPU Acceleration Starting
[Quantified] [OpenCL] Background probe scheduled
[Quantified] OpenCL probe deferred (background)
[Quantified] Vulkan not available: LWJGL Vulkan classes missing
[Quantified] Quantified API WebPanel starting
[Quantified] Forcing API class initialization
[Quantified] OpenCL core classes loaded
[Quantified] Vulkan core classes missing - Vulkan backend unavailable
[Quantified] API classes initialized successfully
[Quantified] Quantified API starting
[Quantified] Quantified Core Starting
[Quantified] Quantified Async Pool Start
[Quantified] Quantified GPU Acceleration Starting
[Quantified] [OpenCL] Background probe scheduled
[Quantified] OpenCL probe deferred (background)
[Quantified] Vulkan not available: LWJGL Vulkan classes missing
[Quantified] Quantified API WebPanel starting
[Quantified] Forcing API class initialization
[Quantified] OpenCL core classes loaded
[Quantified] Vulkan core classes missing - Vulkan backend unavailable
[Quantified] API classes initialized successfully
[Quantified] [OpenCL] Probe skipped - OpenCL runtime unavailable: org/lwjgl/system/CustomBuffer (binding: LWJGL)
[Quantified] [OpenCL] Probe unavailable - attempt 1 (initial) - GPU acceleration disabled
[Quantified] [Vulkan] Vulkan backend unavailable - LWJGL Vulkan classes are not present in this runtime
[Quantified] [OpenCL] Probe skipped - OpenCL runtime unavailable: org/lwjgl/system/CustomBuffer (binding: LWJGL)
[Quantified] [OpenCL] Probe unavailable - attempt 2 (server-start) - GPU acceleration disabled
[Quantified] Quantified API starting
[Quantified] Quantified Core Starting
[Quantified] Quantified Async Pool Start
[Quantified] Quantified GPU Acceleration Starting
[Quantified] [OpenCL] Background probe scheduled
[Quantified] OpenCL probe deferred (background)
[Quantified] Vulkan not available: LWJGL Vulkan classes missing
[Quantified] Quantified API WebPanel starting
[Quantified] Forcing API class initialization
[Quantified] OpenCL core classes loaded
[Quantified] Vulkan core classes missing - Vulkan backend unavailable
[Quantified] API classes initialized successfully
[Quantified] [OpenCL] Probe skipped - OpenCL runtime unavailable: org/lwjgl/system/CustomBuffer (binding: LWJGL)
[Quantified] [OpenCL] Probe unavailable - attempt 1 (initial) - GPU acceleration disabled
[Quantified] [OpenCL] Probe skipped - OpenCL runtime unavailable: org/lwjgl/system/CustomBuffer (binding: LWJGL)
[Quantified] [OpenCL] Probe unavailable - attempt 2 (server-start) - GPU acceleration disabled
[Quantified] [Vulkan] Vulkan backend unavailable - LWJGL Vulkan classes are not present in this runtime
